// Jest Snapshot v1, https://goo.gl/fbAQLP

exports[`<Main /> should render the heading 1`] = `
.c0 {
  background-color: #06092b;
  color: #fff;
  width: 100%;
  height: 100%;
  padding: 3rem;
  text-align: center;
  display: -webkit-box;
  display: -webkit-flex;
  display: -ms-flexbox;
  display: flex;
  -webkit-flex-direction: column;
  -ms-flex-direction: column;
  flex-direction: column;
  -webkit-align-items: center;
  -webkit-box-align: center;
  -ms-flex-align: center;
  align-items: center;
  -webkit-box-pack: center;
  -webkit-justify-content: center;
  -ms-flex-pack: center;
  justify-content: center;
}

.c2 {
  width: 25rem;
  margin-bottom: 2rem;
}

.c1 {
  font-size: 2rem;
}

.c3 {
  font-size: 2rem;
  font-weight: 400;
}

.c4 {
  margin: 3rem;
  width: min(30rem,100%);
}

<main
  class="c0"
>
  <h1
    class="c1"
  >
    React Avançado
  </h1>
  <img
    alt="Imagem de um átomo e React Avançado escrito ao lado."
    class="c2"
    src="/img/logo.svg"
  />
  <h2
    class="c3"
  >
    TypeScript, ReactJS, NextJS e Styled Components
  </h2>
  <img
    alt="Um desenvolvedor de frente para a tela com código"
    class="c4"
    src="/img/hero-illustration.svg"
  />
</main>
`
